[master 94f799a] commit performed 13-mar-23
 2 files changed, 3 insertions(+), 1 deletion(-)

BAB@NMACADEMY06 MINGW64 ~/Desktop/Albilad/GITpractice (master)
$

BAB@NMACADEMY06 MINGW64 ~/Desktop/Albilad/GITpractice (master)
$ git push origin master
Enumerating objects: 7, done.
Counting objects: 100% (7/7), done.
Delta compression using up to 8 threads
Compressing objects: 100% (3/3), done.
Writing objects: 100% (4/4), 429 bytes | 429.00 KiB/s, done.
Total 4 (delta 0), reused 0 (delta 0), pack-reused 0
To https://github.com/VengateshRK/AlbiladBank12mar.git
   f8aee36..94f799a  master -> master

BAB@NMACADEMY06 MINGW64 ~/Desktop/Albilad/GITpractice (master)
$ git status
On branch master
nothing to commit, working tree clean

BAB@NMACADEMY06 MINGW64 ~/Desktop/Albilad/GITpractice (master)
$ ls -lrta
total 18
drwxr-xr-x 1 BAB 197121    0 Mar 12 14:47 ../
-rw-r--r-- 1 BAB 197121 5062 Mar 12 15:33 commandsused_git.txt
-rw-r--r-- 1 BAB 197121  100 Mar 12 15:34 Test1.txt
-rw-r--r-- 1 BAB 197121   22 Mar 12 15:34 it.txt
drwxr-xr-x 1 BAB 197121    0 Mar 12 15:34 ./
drwxr-xr-x 1 BAB 197121    0 Mar 13 09:36 .git/

BAB@NMACADEMY06 MINGW64 ~/Desktop/Albilad/GITpractice (master)
$ cd .git

BAB@NMACADEMY06 MINGW64 ~/Desktop/Albilad/GITpractice/.git (GIT_DIR!)
$ ls -lrta
total 21
-rw-r--r-- 1 BAB 197121  73 Mar 12 14:49 description
drwxr-xr-x 1 BAB 197121   0 Mar 12 14:49 hooks/
drwxr-xr-x 1 BAB 197121   0 Mar 12 14:49 info/
-rw-r--r-- 1 BAB 197121  23 Mar 12 14:49 HEAD
drwxr-xr-x 1 BAB 197121   0 Mar 12 14:50 fsmonitor--daemon/
drwxr-xr-x 1 BAB 197121   0 Mar 12 14:58 logs/
-rw-r--r-- 1 BAB 197121 252 Mar 12 15:02 config
drwxr-xr-x 1 BAB 197121   0 Mar 12 15:06 refs/
drwxr-xr-x 1 BAB 197121   0 Mar 12 15:34 ../
-rw-r--r-- 1 BAB 197121 375 Mar 13 09:35 index
-rw-r--r-- 1 BAB 197121 257 Mar 13 09:35 COMMIT_EDITMSG
drwxr-xr-x 1 BAB 197121   0 Mar 13 09:35 objects/
drwxr-xr-x 1 BAB 197121   0 Mar 13 09:36 ./

BAB@NMACADEMY06 MINGW64 ~/Desktop/Albilad/GITpractice/.git (GIT_DIR!)
$ cd config
bash: cd: config: Not a directory

BAB@NMACADEMY06 MINGW64 ~/Desktop/Albilad/GITpractice/.git (GIT_DIR!)
$ less config

BAB@NMACADEMY06 MINGW64 ~/Desktop/Albilad/GITpractice/.git (GIT_DIR!)
$ cd

BAB@NMACADEMY06 MINGW64 ~
$ pwd
/c/Users/BAB

BAB@NMACADEMY06 MINGW64 ~
$ cd /Desktop/Albilad/GITpractice/
bash: cd: /Desktop/Albilad/GITpractice/: No such file or directory

BAB@NMACADEMY06 MINGW64 ~
$

BAB@NMACADEMY06 MINGW64 ~
$ ls -lrt
total 3109
-rw-r--r-- 1 BAB 197121 1310720 Feb 15 18:07  NTUSER.DAT
-rw-r--r-- 1 BAB 197121  405504 Feb 26 10:37  ntuser.dat.LOG2
-rw-r--r-- 1 BAB 197121  327680 Feb 26 10:37  ntuser.dat.LOG1
-rw-r--r-- 1 BAB 197121  524288 Feb 26 10:37  NTUSER.DAT{53b39e88-18c4-11ea-a811-000d3aa4692b}.TMContainer00000000000000000002.regtrans-ms
-rw-r--r-- 1 BAB 197121  524288 Feb 26 10:37  NTUSER.DAT{53b39e88-18c4-11ea-a811-000d3aa4692b}.TMContainer00000000000000000001.regtrans-ms
lrwxrwxrwx 1 BAB 197121      22 Feb 26 10:37 'My Documents' -> /c/Users/BAB/Documents/
lrwxrwxrwx 1 BAB 197121      64 Feb 26 10:37  PrintHood -> '/c/Users/BAB/AppData/Roaming/Microsoft/Windows/Printer Shortcuts'/
lrwxrwxrwx 1 BAB 197121      64 Feb 26 10:37  NetHood -> '/c/Users/BAB/AppData/Roaming/Microsoft/Windows/Network Shortcuts'/
lrwxrwxrwx 1 BAB 197121      28 Feb 26 10:37 'Application Data' -> /c/Users/BAB/AppData/Roaming/
lrwxrwxrwx 1 BAB 197121      53 Feb 26 10:37  SendTo -> /c/Users/BAB/AppData/Roaming/Microsoft/Windows/SendTo/
lrwxrwxrwx 1 BAB 197121      53 Feb 26 10:37  Recent -> /c/Users/BAB/AppData/Roaming/Microsoft/Windows/Recent/
lrwxrwxrwx 1 BAB 197121      57 Feb 26 10:37 'Start Menu' -> '/c/Users/BAB/AppData/Roaming/Microsoft/Windows/Start Menu'/
lrwxrwxrwx 1 BAB 197121      56 Feb 26 10:37  Templates -> /c/Users/BAB/AppData/Roaming/Microsoft/Windows/Templates/
lrwxrwxrwx 1 BAB 197121      26 Feb 26 10:37 'Local Settings' -> /c/Users/BAB/AppData/Local/
lrwxrwxrwx 1 BAB 197121      56 Feb 26 10:37  Cookies -> /c/Users/BAB/AppData/Local/Microsoft/Windows/INetCookies/
drwxr-xr-x 1 BAB 197121       0 Feb 26 10:37  AppData/
-rw-r--r-- 1 BAB 197121      20 Feb 26 10:37  ntuser.ini
drwxr-xr-x 1 BAB 197121       0 Feb 26 10:37  IntelGraphicsProfiles/
drwxr-xr-x 1 BAB 197121       0 Feb 26 10:37 '3D Objects'/
drwxr-xr-x 1 BAB 197121       0 Feb 26 10:37  Contacts/
drwxr-xr-x 1 BAB 197121       0 Feb 26 10:37  Favorites/
drwxr-xr-x 1 BAB 197121       0 Feb 26 10:37  Music/
drwxr-xr-x 1 BAB 197121       0 Feb 26 10:37  Documents/
drwxr-xr-x 1 BAB 197121       0 Feb 26 10:37 'Saved Games'/
drwxr-xr-x 1 BAB 197121       0 Feb 26 10:37  Links/
drwxr-xr-x 1 BAB 197121       0 Feb 26 10:37  Searches/
drwxr-xr-x 1 BAB 197121       0 Feb 26 10:38  Pictures/
drwxr-xr-x 1 BAB 197121       0 Feb 26 10:39  OneDrive/
-rw-r--r-- 1 BAB 197121   65536 Feb 26 11:46  NTUSER.DAT{53b39e88-18c4-11ea-a811-000d3aa4692b}.TM.blf
drwxr-xr-x 1 BAB 197121       0 Feb 28 09:53  Videos/
drwxr-xr-x 1 BAB 197121       0 Feb 28 12:44  IdeaProjects/
drwxr-xr-x 1 BAB 197121       0 Mar 12 14:05  Downloads/
drwxr-xr-x 1 BAB 197121       0 Mar 12 14:46  Desktop/

BAB@NMACADEMY06 MINGW64 ~
$ cd Desktop

BAB@NMACADEMY06 MINGW64 ~/Desktop
$ ls -lrt
total 9
-rw-r--r-- 1 BAB 197121  282 Feb 26 10:37  desktop.ini
-rwxr-xr-x 1 BAB 197121 2353 Feb 26 10:38 'Microsoft Teams.lnk'*
-rwxr-xr-x 1 BAB 197121 2172 Mar 12 14:22 'Git Bash.lnk'*
drwxr-xr-x 1 BAB 197121    0 Mar 12 14:47  Albilad/

BAB@NMACADEMY06 MINGW64 ~/Desktop
$ cd Albilad

BAB@NMACADEMY06 MINGW64 ~/Desktop/Albilad
$ ls -lrt
total 4
drwxr-xr-x 1 BAB 197121 0 Mar 12 15:34 GITpractice/

BAB@NMACADEMY06 MINGW64 ~/Desktop/Albilad
$ cd GITpractice

BAB@NMACADEMY06 MINGW64 ~/Desktop/Albilad/GITpractice (master)
$ ls -lrt
total 10
-rw-r--r-- 1 BAB 197121 5062 Mar 12 15:33 commandsused_git.txt
-rw-r--r-- 1 BAB 197121  100 Mar 12 15:34 Test1.txt
-rw-r--r-- 1 BAB 197121   22 Mar 12 15:34 it.txt

BAB@NMACADEMY06 MINGW64 ~/Desktop/Albilad/GITpractice (master)
$ mkdir Test

BAB@NMACADEMY06 MINGW64 ~/Desktop/Albilad/GITpractice (master)
$ mkdir Apps

BAB@NMACADEMY06 MINGW64 ~/Desktop/Albilad/GITpractice (master)
$ git checkout -b Apps
Switched to a new branch 'Apps'

BAB@NMACADEMY06 MINGW64 ~/Desktop/Albilad/GITpractice (Apps)
$ ls -lrt
total 10
-rw-r--r-- 1 BAB 197121 5062 Mar 12 15:33 commandsused_git.txt
-rw-r--r-- 1 BAB 197121  100 Mar 12 15:34 Test1.txt
-rw-r--r-- 1 BAB 197121   22 Mar 12 15:34 it.txt
drwxr-xr-x 1 BAB 197121    0 Mar 13 10:14 Test/
drwxr-xr-x 1 BAB 197121    0 Mar 13 10:16 Apps/

commit properly

















































[Apps a90cc5c] commit properly
 1 file changed, 1 insertion(+)
 create mode 100644 Test/test_123

BAB@NMACADEMY06 MINGW64 ~/Desktop/Albilad/GITpractice (Apps)
$ git push origin Apps
Enumerating objects: 5, done.
Counting objects: 100% (5/5), done.
Delta compression using up to 8 threads
Compressing objects: 100% (2/2), done.
Writing objects: 100% (4/4), 329 bytes | 329.00 KiB/s, done.
Total 4 (delta 1), reused 0 (delta 0), pack-reused 0
remote: Resolving deltas: 100% (1/1), completed with 1 local object.
To https://github.com/VengateshRK/AlbiladBank12mar.git
   94f799a..a90cc5c  Apps -> Apps

BAB@NMACADEMY06 MINGW64 ~/Desktop/Albilad/GITpractice (Apps)
$ ls -lrt
total 10
-rw-r--r-- 1 BAB 197121 5062 Mar 12 15:33 commandsused_git.txt
-rw-r--r-- 1 BAB 197121  100 Mar 12 15:34 Test1.txt
-rw-r--r-- 1 BAB 197121   22 Mar 12 15:34 it.txt
drwxr-xr-x 1 BAB 197121    0 Mar 13 10:16 Apps/
drwxr-xr-x 1 BAB 197121    0 Mar 13 10:17 Test/

BAB@NMACADEMY06 MINGW64 ~/Desktop/Albilad/GITpractice (Apps)
$

BAB@NMACADEMY06 MINGW64 ~/Desktop/Albilad/GITpractice (Apps)
$ ll
total 10
drwxr-xr-x 1 BAB 197121    0 Mar 13 10:16 Apps/
drwxr-xr-x 1 BAB 197121    0 Mar 13 10:17 Test/
-rw-r--r-- 1 BAB 197121  100 Mar 12 15:34 Test1.txt
-rw-r--r-- 1 BAB 197121 5062 Mar 12 15:33 commandsused_git.txt
-rw-r--r-- 1 BAB 197121   22 Mar 12 15:34 it.txt

13 march

















































[Apps 0339f21] 13 march
 1 file changed, 1 insertion(+)
 create mode 100644 13MAR/13MAR

BAB@NMACADEMY06 MINGW64 ~/Desktop/Albilad/GITpractice (Apps)
$ git push origin Apps
Enumerating objects: 5, done.
Counting objects: 100% (5/5), done.
Delta compression using up to 8 threads
Compressing objects: 100% (2/2), done.
Writing objects: 100% (4/4), 326 bytes | 326.00 KiB/s, done.
Total 4 (delta 1), reused 0 (delta 0), pack-reused 0
remote: Resolving deltas: 100% (1/1), completed with 1 local object.
To https://github.com/VengateshRK/AlbiladBank12mar.git
   a90cc5c..0339f21  Apps -> Apps

BAB@NMACADEMY06 MINGW64 ~/Desktop/Albilad/GITpractice (Apps)
$

BAB@NMACADEMY06 MINGW64 ~/Desktop/Albilad/GITpractice (Apps)
$

BAB@NMACADEMY06 MINGW64 ~/Desktop/Albilad/GITpractice (Apps)
$ ls -lrt
total 10
-rw-r--r-- 1 BAB 197121 5062 Mar 12 15:33 commandsused_git.txt
-rw-r--r-- 1 BAB 197121  100 Mar 12 15:34 Test1.txt
-rw-r--r-- 1 BAB 197121   22 Mar 12 15:34 it.txt
drwxr-xr-x 1 BAB 197121    0 Mar 13 10:16 Apps/
drwxr-xr-x 1 BAB 197121    0 Mar 13 10:17 Test/
drwxr-xr-x 1 BAB 197121    0 Mar 13 10:31 13MAR/

BAB@NMACADEMY06 MINGW64 ~/Desktop/Albilad/GITpractice (Apps)
$ cd ..

BAB@NMACADEMY06 MINGW64 ~/Desktop/Albilad
$ ls -lrt
total 4
drwxr-xr-x 1 BAB 197121 0 Mar 13 10:30 GITpractice/

BAB@NMACADEMY06 MINGW64 ~/Desktop/Albilad
0 size file

















































[Apps 8fe1fb9] 0 size file
 1 file changed, 0 insertions(+), 0 deletions(-)
 create mode 100644 ops
0 size file to 1 bit file

















































[Apps 5291664] 0 size file to 1 bit file
 1 file changed, 1 insertion(+)

BAB@NMACADEMY06 MINGW64 ~/Desktop/Albilad/GITpractice (Apps)
$ git push origin master
Everything up-to-date

BAB@NMACADEMY06 MINGW64 ~/Desktop/Albilad/GITpractice (Apps)
$ ls -lrt
total 11
-rw-r--r-- 1 BAB 197121 5062 Mar 12 15:33 commandsused_git.txt
-rw-r--r-- 1 BAB 197121  100 Mar 12 15:34 Test1.txt
-rw-r--r-- 1 BAB 197121   22 Mar 12 15:34 it.txt
drwxr-xr-x 1 BAB 197121    0 Mar 13 10:16 Apps/
drwxr-xr-x 1 BAB 197121    0 Mar 13 10:17 Test/
drwxr-xr-x 1 BAB 197121    0 Mar 13 10:31 13MAR/
-rw-r--r-- 1 BAB 197121    2 Mar 13 11:17 ops

BAB@NMACADEMY06 MINGW64 ~/Desktop/Albilad/GITpractice (Apps)
$ git push origin Apps
Enumerating objects: 7, done.
Counting objects: 100% (7/7), done.
Delta compression using up to 8 threads
Compressing objects: 100% (4/4), done.
Writing objects: 100% (6/6), 488 bytes | 488.00 KiB/s, done.
Total 6 (delta 2), reused 0 (delta 0), pack-reused 0
remote: Resolving deltas: 100% (2/2), completed with 1 local object.
To https://github.com/VengateshRK/AlbiladBank12mar.git
   0339f21..5291664  Apps -> Apps

BAB@NMACADEMY06 MINGW64 ~/Desktop/Albilad/GITpractice (Apps)
$ ls -lrt
total 11
-rw-r--r-- 1 BAB 197121 5062 Mar 12 15:33 commandsused_git.txt
-rw-r--r-- 1 BAB 197121  100 Mar 12 15:34 Test1.txt
-rw-r--r-- 1 BAB 197121   22 Mar 12 15:34 it.txt
drwxr-xr-x 1 BAB 197121    0 Mar 13 10:16 Apps/
drwxr-xr-x 1 BAB 197121    0 Mar 13 10:17 Test/
drwxr-xr-x 1 BAB 197121    0 Mar 13 10:31 13MAR/
-rw-r--r-- 1 BAB 197121    2 Mar 13 11:17 ops

BAB@NMACADEMY06 MINGW64 ~/Desktop/Albilad/GITpractice (Apps)
$ git merge master
Already up to date.

BAB@NMACADEMY06 MINGW64 ~/Desktop/Albilad/GITpractice (Apps)
$ git status
On branch Apps
nothing to commit, working tree clean

BAB@NMACADEMY06 MINGW64 ~/Desktop/Albilad/GITpractice (Apps)
$ git merge Apps
Already up to date.

BAB@NMACADEMY06 MINGW64 ~/Desktop/Albilad/GITpractice (Apps)
$ git merge Apps master
Already up to date.

BAB@NMACADEMY06 MINGW64 ~/Desktop/Albilad/GITpractice (Apps)
$ git checkout -b master
fatal: a branch named 'master' already exists

BAB@NMACADEMY06 MINGW64 ~/Desktop/Albilad/GITpractice (Apps)
$ git checkout master
Switched to branch 'master'

BAB@NMACADEMY06 MINGW64 ~/Desktop/Albilad/GITpractice (master)
$ git merge Apps
Updating 94f799a..5291664
Fast-forward
 13MAR/13MAR   | 1 +
 Test/test_123 | 1 +
 ops           | 1 +
 3 files changed, 3 insertions(+)
 create mode 100644 13MAR/13MAR
 create mode 100644 Test/test_123
 create mode 100644 ops

BAB@NMACADEMY06 MINGW64 ~/Desktop/Albilad/GITpractice (master)
$ git push origin master
Total 0 (delta 0), reused 0 (delta 0), pack-reused 0
To https://github.com/VengateshRK/AlbiladBank12mar.git
   94f799a..5291664  master -> master

BAB@NMACADEMY06 MINGW64 ~/Desktop/Albilad/GITpractice (master)
$

BAB@NMACADEMY06 MINGW64 ~/Desktop/Albilad/GITpractice (master)
$

BAB@NMACADEMY06 MINGW64 ~/Desktop/Albilad/GITpractice (master)
$ ls -lrt
total 11
-rw-r--r-- 1 BAB 197121 5062 Mar 12 15:33 commandsused_git.txt
-rw-r--r-- 1 BAB 197121  100 Mar 12 15:34 Test1.txt
-rw-r--r-- 1 BAB 197121   22 Mar 12 15:34 it.txt
drwxr-xr-x 1 BAB 197121    0 Mar 13 10:16 Apps/
drwxr-xr-x 1 BAB 197121    0 Mar 13 11:23 13MAR/
-rw-r--r-- 1 BAB 197121    3 Mar 13 11:23 ops
drwxr-xr-x 1 BAB 197121    0 Mar 13 11:23 Test/

BAB@NMACADEMY06 MINGW64 ~/Desktop/Albilad/GITpractice (master)
$ git checkout Apps
Switched to branch 'Apps'

BAB@NMACADEMY06 MINGW64 ~/Desktop/Albilad/GITpractice (Apps)
$ git checkout master
Switched to branch 'master'

BAB@NMACADEMY06 MINGW64 ~/Desktop/Albilad/GITpractice (master)
$ git clone
fatal: You must specify a repository to clone.

usage: git clone [<options>] [--] <repo> [<dir>]

    -v, --verbose         be more verbose
    -q, --quiet           be more quiet
    --progress            force progress reporting
    --reject-shallow      don't clone shallow repository
    -n, --no-checkout     don't create a checkout
    --bare                create a bare repository
    --mirror              create a mirror repository (implies bare)
    -l, --local           to clone from a local repository
    --no-hardlinks        don't use local hardlinks, always copy
    -s, --shared          setup as shared repository
    --recurse-submodules[=<pathspec>]
                          initialize submodules in the clone
    --recursive ...       alias of --recurse-submodules
    -j, --jobs <n>        number of submodules cloned in parallel
    --template <template-directory>
                          directory from which templates will be used
    --reference <repo>    reference repository
    --reference-if-able <repo>
                          reference repository
    --dissociate          use --reference only while cloning
    -o, --origin <name>   use <name> instead of 'origin' to track upstream
    -b, --branch <branch>
                          checkout <branch> instead of the remote's HEAD
    -u, --upload-pack <path>
                          path to git-upload-pack on the remote
    --depth <depth>       create a shallow clone of that depth
    --shallow-since <time>
                          create a shallow clone since a specific time
    --shallow-exclude <revision>
                          deepen history of shallow clone, excluding rev
    --single-branch       clone only one branch, HEAD or --branch
    --no-tags             don't clone any tags, and make later fetches not to follow them
    --shallow-submodules  any cloned submodules will be shallow
    --separate-git-dir <gitdir>
                          separate git dir from working tree
    -c, --config <key=value>
                          set config inside the new repository
    --server-option <server-specific>
                          option to transmit
    -4, --ipv4            use IPv4 addresses only
    -6, --ipv6            use IPv6 addresses only
    --filter <args>       object filtering
    --also-filter-submodules
                          apply partial clone filters to submodules
    --remote-submodules   any cloned submodules will use their remote-tracking branch
    --sparse              initialize sparse-checkout file to include only files at root
    --bundle-uri <uri>    a URI for downloading bundles before fetching from origin remote


BAB@NMACADEMY06 MINGW64 ~/Desktop/Albilad/GITpractice (master)
$ git clone https://github.com/VengateshRK/Week1.day1.git
Cloning into 'Week1.day1'...
remote: Enumerating objects: 15, done.
remote: Counting objects: 100% (15/15), done.
remote: Compressing objects: 100% (14/14), done.
remote: Total 15 (delta 4), reused 0 (delta 0), pack-reused 0
Receiving objects: 100% (15/15), done.
Resolving deltas: 100% (4/4), done.

BAB@NMACADEMY06 MINGW64 ~/Desktop/Albilad/GITpractice (master)
$ ls -lrt
total 15
-rw-r--r-- 1 BAB 197121 5062 Mar 12 15:33 commandsused_git.txt
-rw-r--r-- 1 BAB 197121  100 Mar 12 15:34 Test1.txt
-rw-r--r-- 1 BAB 197121   22 Mar 12 15:34 it.txt
drwxr-xr-x 1 BAB 197121    0 Mar 13 10:16 Apps/
drwxr-xr-x 1 BAB 197121    0 Mar 13 11:23 13MAR/
-rw-r--r-- 1 BAB 197121    3 Mar 13 11:23 ops
drwxr-xr-x 1 BAB 197121    0 Mar 13 11:23 Test/
drwxr-xr-x 1 BAB 197121    0 Mar 13 11:46 Week1.day1/

BAB@NMACADEMY06 MINGW64 ~/Desktop/Albilad/GITpractice (master)
$ git commit
On branch master
Untracked files:
  (use "git add <file>..." to include in what will be committed)
        Week1.day1/

nothing added to commit but untracked files present (use "git add" to track)

BAB@NMACADEMY06 MINGW64 ~/Desktop/Albilad/GITpractice (master)
$ vi test13mar

BAB@NMACADEMY06 MINGW64 ~/Desktop/Albilad/GITpractice (master)
$ git pull remote master
fatal: 'remote' does not appear to be a git repository
fatal: Could not read from remote repository.

Please make sure you have the correct access rights
and the repository exists.

BAB@NMACADEMY06 MINGW64 ~/Desktop/Albilad/GITpractice (master)
$ git pull master
fatal: 'master' does not appear to be a git repository
fatal: Could not read from remote repository.

Please make sure you have the correct access rights
and the repository exists.

BAB@NMACADEMY06 MINGW64 ~/Desktop/Albilad/GITpractice (master)
$ ls -lrt
total 16
-rw-r--r-- 1 BAB 197121 5062 Mar 12 15:33 commandsused_git.txt
-rw-r--r-- 1 BAB 197121  100 Mar 12 15:34 Test1.txt
-rw-r--r-- 1 BAB 197121   22 Mar 12 15:34 it.txt
drwxr-xr-x 1 BAB 197121    0 Mar 13 10:16 Apps/
drwxr-xr-x 1 BAB 197121    0 Mar 13 11:23 13MAR/
-rw-r--r-- 1 BAB 197121    3 Mar 13 11:23 ops
drwxr-xr-x 1 BAB 197121    0 Mar 13 11:23 Test/
drwxr-xr-x 1 BAB 197121    0 Mar 13 11:46 Week1.day1/
-rw-r--r-- 1 BAB 197121    7 Mar 13 11:48 test13mar

BAB@NMACADEMY06 MINGW64 ~/Desktop/Albilad/GITpractice (master)
$ git add *
warning: adding embedded git repository: Week1.day1
i commit

















































[master 88c7811] i commit
 2 files changed, 2 insertions(+)
 create mode 160000 Week1.day1
 create mode 100644 test13mar

BAB@NMACADEMY06 MINGW64 ~/Desktop/Albilad/GITpractice (master)
$ git add *^C

BAB@NMACADEMY06 MINGW64 ~/Desktop/Albilad/GITpractice (master)
$ ls -lrt
total 16
-rw-r--r-- 1 BAB 197121 5062 Mar 12 15:33 commandsused_git.txt
-rw-r--r-- 1 BAB 197121  100 Mar 12 15:34 Test1.txt
-rw-r--r-- 1 BAB 197121   22 Mar 12 15:34 it.txt
drwxr-xr-x 1 BAB 197121    0 Mar 13 10:16 Apps/
drwxr-xr-x 1 BAB 197121    0 Mar 13 11:23 13MAR/
-rw-r--r-- 1 BAB 197121    3 Mar 13 11:23 ops
drwxr-xr-x 1 BAB 197121    0 Mar 13 11:23 Test/
drwxr-xr-x 1 BAB 197121    0 Mar 13 11:46 Week1.day1/
-rw-r--r-- 1 BAB 197121    7 Mar 13 11:48 test13mar

BAB@NMACADEMY06 MINGW64 ~/Desktop/Albilad/GITpractice (master)
$ git push remote master
fatal: 'remote' does not appear to be a git repository
fatal: Could not read from remote repository.

Please make sure you have the correct access rights
and the repository exists.

BAB@NMACADEMY06 MINGW64 ~/Desktop/Albilad/GITpractice (master)
$ git push origin master
To https://github.com/VengateshRK/AlbiladBank12mar.git
 ! [rejected]        master -> master (fetch first)
error: failed to push some refs to 'https://github.com/VengateshRK/AlbiladBank12mar.git'
hint: Updates were rejected because the remote contains work that you do
hint: not have locally. This is usually caused by another repository pushing
hint: to the same ref. You may want to first integrate the remote changes
hint: (e.g., 'git pull ...') before pushing again.
hint: See the 'Note about fast-forwards' in 'git push --help' for details.

BAB@NMACADEMY06 MINGW64 ~/Desktop/Albilad/GITpractice (master)
$ git status
On branch master
nothing to commit, working tree clean

BAB@NMACADEMY06 MINGW64 ~/Desktop/Albilad/GITpractice (master)
$ git pull it.txt
fatal: invalid gitfile format: it.txt
fatal: Could not read from remote repository.

Please make sure you have the correct access rights
and the repository exists.

BAB@NMACADEMY06 MINGW64 ~/Desktop/Albilad/GITpractice (master)
$ git pull
remote: Enumerating objects: 8, done.
remote: Counting objects: 100% (8/8), done.
remote: Compressing objects: 100% (3/3), done.
remote: Total 6 (delta 1), reused 0 (delta 0), pack-reused 0
Unpacking objects: 100% (6/6), 1.24 KiB | 55.00 KiB/s, done.
From https://github.com/VengateshRK/AlbiladBank12mar
 * [new branch]      main       -> origin/main
   5291664..fe677ff  master     -> origin/master
There is no tracking information for the current branch.
Please specify which branch you want to merge with.
See git-pull(1) for details.

    git pull <remote> <branch>

If you wish to set tracking information for this branch you can do so with:

    git branch --set-upstream-to=origin/<branch> master


BAB@NMACADEMY06 MINGW64 ~/Desktop/Albilad/GITpractice (master)
$ ll
total 16
drwxr-xr-x 1 BAB 197121    0 Mar 13 11:23 13MAR/
drwxr-xr-x 1 BAB 197121    0 Mar 13 10:16 Apps/
drwxr-xr-x 1 BAB 197121    0 Mar 13 11:23 Test/
-rw-r--r-- 1 BAB 197121  100 Mar 12 15:34 Test1.txt
drwxr-xr-x 1 BAB 197121    0 Mar 13 11:46 Week1.day1/
-rw-r--r-- 1 BAB 197121 5062 Mar 12 15:33 commandsused_git.txt
-rw-r--r-- 1 BAB 197121   22 Mar 12 15:34 it.txt
-rw-r--r-- 1 BAB 197121    3 Mar 13 11:23 ops
-rw-r--r-- 1 BAB 197121    7 Mar 13 11:48 test13mar

BAB@NMACADEMY06 MINGW64 ~/Desktop/Albilad/GITpractice (master)
$ less it.txt

BAB@NMACADEMY06 MINGW64 ~/Desktop/Albilad/GITpractice (master)
$ vi it.txt

BAB@NMACADEMY06 MINGW64 ~/Desktop/Albilad/GITpractice (master)
$ ll
total 16
drwxr-xr-x 1 BAB 197121    0 Mar 13 11:23 13MAR/
drwxr-xr-x 1 BAB 197121    0 Mar 13 10:16 Apps/
drwxr-xr-x 1 BAB 197121    0 Mar 13 11:23 Test/
-rw-r--r-- 1 BAB 197121  100 Mar 12 15:34 Test1.txt
drwxr-xr-x 1 BAB 197121    0 Mar 13 11:46 Week1.day1/
-rw-r--r-- 1 BAB 197121 5062 Mar 12 15:33 commandsused_git.txt
-rw-r--r-- 1 BAB 197121   22 Mar 12 15:34 it.txt
-rw-r--r-- 1 BAB 197121    3 Mar 13 11:23 ops
-rw-r--r-- 1 BAB 197121    7 Mar 13 11:48 test13mar

BAB@NMACADEMY06 MINGW64 ~/Desktop/Albilad/GITpractice (master)
$ git status
On branch master
nothing to commit, working tree clean

BAB@NMACADEMY06 MINGW64 ~/Desktop/Albilad/GITpractice (master)
$ git push origin master
To https://github.com/VengateshRK/AlbiladBank12mar.git
 ! [rejected]        master -> master (non-fast-forward)
error: failed to push some refs to 'https://github.com/VengateshRK/AlbiladBank12mar.git'
hint: Updates were rejected because the tip of your current branch is behind
hint: its remote counterpart. Integrate the remote changes (e.g.
hint: 'git pull ...') before pushing again.
hint: See the 'Note about fast-forwards' in 'git push --help' for details.

BAB@NMACADEMY06 MINGW64 ~/Desktop/Albilad/GITpractice (master)
$ git pull
There is no tracking information for the current branch.
Please specify which branch you want to merge with.
See git-pull(1) for details.

    git pull <remote> <branch>

If you wish to set tracking information for this branch you can do so with:

    git branch --set-upstream-to=origin/<branch> master


BAB@NMACADEMY06 MINGW64 ~/Desktop/Albilad/GITpractice (master)
$ git pull remote master
fatal: 'remote' does not appear to be a git repository
fatal: Could not read from remote repository.

Please make sure you have the correct access rights
and the repository exists.

BAB@NMACADEMY06 MINGW64 ~/Desktop/Albilad/GITpractice (master)
$ git pull master
fatal: 'master' does not appear to be a git repository
fatal: Could not read from remote repository.

Please make sure you have the correct access rights
and the repository exists.

BAB@NMACADEMY06 MINGW64 ~/Desktop/Albilad/GITpractice (master)
$ git pull ^C

BAB@NMACADEMY06 MINGW64 ~/Desktop/Albilad/GITpractice (master)
$ git fetch --all

BAB@NMACADEMY06 MINGW64 ~/Desktop/Albilad/GITpractice (master)
$ git push origin master
To https://github.com/VengateshRK/AlbiladBank12mar.git
 ! [rejected]        master -> master (non-fast-forward)
error: failed to push some refs to 'https://github.com/VengateshRK/AlbiladBank12mar.git'
hint: Updates were rejected because the tip of your current branch is behind
hint: its remote counterpart. Integrate the remote changes (e.g.
hint: 'git pull ...') before pushing again.
hint: See the 'Note about fast-forwards' in 'git push --help' for details.

BAB@NMACADEMY06 MINGW64 ~/Desktop/Albilad/GITpractice (master)
$ git fetch --all^C

BAB@NMACADEMY06 MINGW64 ~/Desktop/Albilad/GITpractice (master)
$ git fetch

BAB@NMACADEMY06 MINGW64 ~/Desktop/Albilad/GITpractice (master)
$ git merge origin
merge: origin - not something we can merge

BAB@NMACADEMY06 MINGW64 ~/Desktop/Albilad/GITpractice (master)
$ git merge origin master
merge: origin - not something we can merge

BAB@NMACADEMY06 MINGW64 ~/Desktop/Albilad/GITpractice (master)
$ git reset --hard HEAD
HEAD is now at 88c7811 i commit

BAB@NMACADEMY06 MINGW64 ~/Desktop/Albilad/GITpractice (master)
$ git pull
There is no tracking information for the current branch.
Please specify which branch you want to merge with.
See git-pull(1) for details.

    git pull <remote> <branch>

If you wish to set tracking information for this branch you can do so with:

    git branch --set-upstream-to=origin/<branch> master


BAB@NMACADEMY06 MINGW64 ~/Desktop/Albilad/GITpractice (master)
$ git pull https://github.com/VengateshRK/AlbiladBank12mar.git master
From https://github.com/VengateshRK/AlbiladBank12mar
 * branch            master     -> FETCH_HEAD
Merge made by the 'ort' strategy.
 it.txt | 3 +++
 1 file changed, 3 insertions(+)

BAB@NMACADEMY06 MINGW64 ~/Desktop/Albilad/GITpractice (master)
$ ll
total 16
drwxr-xr-x 1 BAB 197121    0 Mar 13 11:23 13MAR/
drwxr-xr-x 1 BAB 197121    0 Mar 13 10:16 Apps/
drwxr-xr-x 1 BAB 197121    0 Mar 13 11:23 Test/
-rw-r--r-- 1 BAB 197121  100 Mar 12 15:34 Test1.txt
drwxr-xr-x 1 BAB 197121    0 Mar 13 11:46 Week1.day1/
-rw-r--r-- 1 BAB 197121 5062 Mar 12 15:33 commandsused_git.txt
-rw-r--r-- 1 BAB 197121   47 Mar 13 12:12 it.txt
-rw-r--r-- 1 BAB 197121    3 Mar 13 11:23 ops
-rw-r--r-- 1 BAB 197121    7 Mar 13 11:48 test13mar

BAB@NMACADEMY06 MINGW64 ~/Desktop/Albilad/GITpractice (master)
$ vi it.txt

BAB@NMACADEMY06 MINGW64 ~/Desktop/Albilad/GITpractice (master)
$ cd Week1.day1

BAB@NMACADEMY06 MINGW64 ~/Desktop/Albilad/GITpractice/Week1.day1 (main)
$ l
bash: l: command not found

BAB@NMACADEMY06 MINGW64 ~/Desktop/Albilad/GITpractice/Week1.day1 (main)
$ ls
MyFactorial.java  MyFibonocci.java  MyNegativeToPositive.java  MyPositiveOrNegative.java  MyPrimeNumber.java

BAB@NMACADEMY06 MINGW64 ~/Desktop/Albilad/GITpractice/Week1.day1 (main)
$ cd ..

BAB@NMACADEMY06 MINGW64 ~/Desktop/Albilad/GITpractice (master)
$ git status
On branch master
nothing to commit, working tree clean

BAB@NMACADEMY06 MINGW64 ~/Desktop/Albilad/GITpractice (master)
$ git
